
> backend@1.0.0 dev
> nodemon server.js

[33m[nodemon] 3.1.11[39m
[33m[nodemon] to restart at any time, enter `rs`[39m
[33m[nodemon] watching path(s): *.*[39m
[33m[nodemon] watching extensions: js,mjs,cjs,json[39m
[32m[nodemon] starting `node server.js`[39m
💳 Payment Config - KeyID: OK AccNo: MISSING
Razorpay Keys Debug: { keyId: 'Present', keySecret: 'Present', accNumber: 'Missing' }
[dotenv@17.2.3] injecting env (0) from .env -- tip: 📡 add observability to secrets: https://dotenvx.com/ops
✓ Firebase Admin initialized with time-drift compensation (rydon24-30c59)
✅ Firebase initialized
🔄 Attempting MongoDB connection... (Attempt 1/5)
📍 Connecting to: mongodb+srv:****@cluster0.ueig0du.mongodb.net/myDestination
✅ MongoDB connected successfully
🚀 Server is running on port 5001
[2026-07-13T10:13:17.439Z] Incoming Request: GET /
[0mGET / [32m200[0m 13.727 ms - 49[0m
[2026-07-13T10:13:30.610Z] Incoming Request: GET /
[0mGET / [32m200[0m 6.068 ms - 49[0m
